[template.hasthemes.com/brancy/brancy/index.html]
[backblue.gif]
[fade.gif]
[index.html]
[template.hasthemes.com/brancy/brancy/assets/images/favicon.webp]
[template.hasthemes.com/brancy/brancy/assets/css/plugins/swiper-bundle.min.css]
[template.hasthemes.com/brancy/brancy/assets/css/vendor/bootstrap.min.css]
[template.hasthemes.com/brancy/brancy/assets/css/plugins/font-awesome.min.css]
[template.hasthemes.com/brancy/brancy/assets/css/plugins/fancybox.min.css]
[template.hasthemes.com/brancy/brancy/assets/css/plugins/nice-select.css]
[template.hasthemes.com/brancy/brancy/assets/css/style.min.css]
[template.hasthemes.com/brancy/brancy/assets/images/logo.webp]
[template.hasthemes.com/brancy/brancy/index-two.html]
[template.hasthemes.com/brancy/brancy/about-us.html]
[template.hasthemes.com/brancy/brancy/product.html]
[template.hasthemes.com/brancy/brancy/product-four-columns.html]
[template.hasthemes.com/brancy/brancy/product-left-sidebar.html]
[template.hasthemes.com/brancy/brancy/product-details-normal.html]
[template.hasthemes.com/brancy/brancy/product-right-sidebar.html]
[template.hasthemes.com/brancy/brancy/product-details-group.html]
[template.hasthemes.com/brancy/brancy/product-details.html]
[template.hasthemes.com/brancy/brancy/product-details-affiliate.html]
[template.hasthemes.com/brancy/brancy/product-cart.html]
[template.hasthemes.com/brancy/brancy/product-checkout.html]
[template.hasthemes.com/brancy/brancy/product-wishlist.html]
[template.hasthemes.com/brancy/brancy/product-compare.html]
[template.hasthemes.com/brancy/brancy/blog.html]
[template.hasthemes.com/brancy/brancy/blog-left-sidebar.html]
[template.hasthemes.com/brancy/brancy/blog-right-sidebar.html]
[template.hasthemes.com/brancy/brancy/blog-details.html]
[template.hasthemes.com/brancy/brancy/account-login.html]
[template.hasthemes.com/brancy/brancy/faq.html]
[template.hasthemes.com/brancy/brancy/page-not-found.html]
[template.hasthemes.com/brancy/brancy/contact.html]
[template.hasthemes.com/brancy/brancy/assets/images/slider/text-theme.webp]
[template.hasthemes.com/brancy/brancy/assets/images/slider/slider1.webp]
[template.hasthemes.com/brancy/brancy/assets/images/slider/text1.webp]
[template.hasthemes.com/brancy/brancy/assets/images/slider/slider2.webp]
[template.hasthemes.com/brancy/brancy/assets/images/shop/category/1.webp]
[template.hasthemes.com/brancy/brancy/assets/images/shop/category/2.webp]
[template.hasthemes.com/brancy/brancy/assets/images/shop/category/3.webp]
[template.hasthemes.com/brancy/brancy/assets/images/shop/category/4.webp]
[template.hasthemes.com/brancy/brancy/assets/images/shop/category/5.webp]
[template.hasthemes.com/brancy/brancy/assets/images/shop/category/6.webp]
[template.hasthemes.com/brancy/brancy/assets/images/shop/1.webp]
[template.hasthemes.com/brancy/brancy/assets/images/shop/2.webp]
[template.hasthemes.com/brancy/brancy/assets/images/shop/3.webp]
[template.hasthemes.com/brancy/brancy/assets/images/shop/4.webp]
[template.hasthemes.com/brancy/brancy/assets/images/shop/5.webp]
[template.hasthemes.com/brancy/brancy/assets/images/shop/6.webp]
[template.hasthemes.com/brancy/brancy/assets/images/shop/banner/1.webp]
[template.hasthemes.com/brancy/brancy/assets/images/shop/banner/2.webp]
[template.hasthemes.com/brancy/brancy/assets/images/shop/banner/3.webp]
[template.hasthemes.com/brancy/brancy/assets/images/blog/1.webp]
[template.hasthemes.com/brancy/brancy/assets/images/blog/2.webp]
[template.hasthemes.com/brancy/brancy/assets/images/blog/3.webp]
[template.hasthemes.com/brancy/brancy/my-account.html]
[template.hasthemes.com/brancy/brancy/assets/images/shop/modal1.webp]
[template.hasthemes.com/brancy/brancy/assets/images/shop/quick-view1.webp]
[template.hasthemes.com/brancy/brancy/assets/images/shop/cart1.webp]
[template.hasthemes.com/brancy/brancy/assets/images/shop/cart2.webp]
[template.hasthemes.com/brancy/brancy/assets/js/vendor/modernizr-3.11.7.min.js]
[template.hasthemes.com/brancy/brancy/assets/js/vendor/jquery-migrate-3.3.2.min.js]
[template.hasthemes.com/brancy/brancy/assets/js/vendor/jquery-3.6.0.min.js]
[template.hasthemes.com/brancy/brancy/assets/js/vendor/bootstrap.bundle.min.js]
[template.hasthemes.com/brancy/brancy/assets/js/plugins/jquery.nice-select.min.js]
[template.hasthemes.com/brancy/brancy/assets/js/plugins/fancybox.min.js]
[template.hasthemes.com/brancy/brancy/assets/js/plugins/swiper-bundle.min.js]
[template.hasthemes.com/brancy/brancy/index.html]
[template.hasthemes.com/brancy/brancy/assets/css/vendor/bootstrap.min.css]
[template.hasthemes.com/brancy/brancy/assets/css/plugins/swiper-bundle.min.css]
[template.hasthemes.com/brancy/brancy/assets/js/main.js]
[template.hasthemes.com/brancy/brancy/assets/fonts/fontawesome-webfont3e6e.woff2]
[template.hasthemes.com/brancy/brancy/assets/fonts/fontawesome-webfont3e6e.woff]
[template.hasthemes.com/brancy/brancy/assets/fonts/fontawesome-webfontd41d.eot]
[template.hasthemes.com/brancy/brancy/assets/fonts/fontawesome-webfont3e6e.eot]
[template.hasthemes.com/brancy/brancy/assets/fonts/fontawesome-webfont3e6e.ttf]
[template.hasthemes.com/brancy/brancy/assets/css/plugins/font-awesome.min.css]
[template.hasthemes.com/brancy/brancy/assets/css/plugins/fancybox.min.css]
[template.hasthemes.com/brancy/brancy/assets/css/plugins/nice-select.css]
[template.hasthemes.com/brancy/brancy/assets/images/icons/cancel-white.png]
[template.hasthemes.com/brancy/brancy/assets/images/icons/menu-down2.webp]
[template.hasthemes.com/brancy/brancy/assets/css/style.min.css]
[template.hasthemes.com/brancy/brancy/assets/images/slider/text-light.webp]
[template.hasthemes.com/brancy/brancy/assets/fonts/fontawesome-webfont3e6e.svg]
[template.hasthemes.com/brancy/brancy/assets/images/slider/slider3.webp]
[template.hasthemes.com/brancy/brancy/assets/images/slider/slider4.webp]
[template.hasthemes.com/brancy/brancy/assets/images/shop/banner/4.webp]
[template.hasthemes.com/brancy/brancy/assets/images/shop/banner/5.webp]
[template.hasthemes.com/brancy/brancy/assets/images/shop/banner/6.webp]
[template.hasthemes.com/brancy/brancy/assets/images/shop/7.webp]
[template.hasthemes.com/brancy/brancy/assets/images/shop/banner/7.webp]
[template.hasthemes.com/brancy/brancy/assets/images/shop/8.webp]
[template.hasthemes.com/brancy/brancy/assets/images/brand-logo/1.webp]
[template.hasthemes.com/brancy/brancy/assets/images/brand-logo/2.webp]
[template.hasthemes.com/brancy/brancy/assets/images/brand-logo/3.webp]
[template.hasthemes.com/brancy/brancy/assets/images/brand-logo/4.webp]
[template.hasthemes.com/brancy/brancy/index-two.html]
[template.hasthemes.com/brancy/brancy/assets/images/photos/about-title.webp]
[template.hasthemes.com/brancy/brancy/assets/images/photos/about1.webp]
[template.hasthemes.com/brancy/brancy/assets/images/icons/funfact1.webp]
[template.hasthemes.com/brancy/brancy/assets/images/icons/funfact2.webp]
[template.hasthemes.com/brancy/brancy/assets/images/icons/funfact3.webp]
[template.hasthemes.com/brancy/brancy/assets/images/photos/about2.webp]
[template.hasthemes.com/brancy/brancy/assets/images/icons/feature1.webp]
[template.hasthemes.com/brancy/brancy/assets/images/icons/feature2.webp]
[template.hasthemes.com/brancy/brancy/assets/images/icons/feature3.webp]
[template.hasthemes.com/brancy/brancy/about-us.html]
[template.hasthemes.com/brancy/brancy/assets/css/plugins/range-slider.css]
[template.hasthemes.com/brancy/brancy/product.html]
[template.hasthemes.com/brancy/brancy/product-four-columns.html]
[template.hasthemes.com/brancy/brancy/product-left-sidebar.html]
[template.hasthemes.com/brancy/brancy/product-right-sidebar.html]
[template.hasthemes.com/brancy/brancy/assets/images/shop/product-details/2.webp]
[template.hasthemes.com/brancy/brancy/assets/js/plugins/range-slider.js]
[template.hasthemes.com/brancy/brancy/assets/images/shop/product-details/comment1.webp]
[template.hasthemes.com/brancy/brancy/assets/images/shop/product-details/comment2.webp]
[template.hasthemes.com/brancy/brancy/assets/images/shop/product-details/comment3.webp]
[template.hasthemes.com/brancy/brancy/product-details-normal.html]
[template.hasthemes.com/brancy/brancy/assets/images/shop/product-details/1.webp]
[template.hasthemes.com/brancy/brancy/product-details.html]
[template.hasthemes.com/brancy/brancy/assets/images/shop/product-details/3.webp]
[template.hasthemes.com/brancy/brancy/assets/images/shop/s1.webp]
[template.hasthemes.com/brancy/brancy/assets/images/shop/s2.webp]
[template.hasthemes.com/brancy/brancy/product-details-group.html]
[template.hasthemes.com/brancy/brancy/assets/images/shop/product-details/4.webp]
[template.hasthemes.com/brancy/brancy/product-details-affiliate.html]
[template.hasthemes.com/brancy/brancy/single-product.html]
[template.hasthemes.com/brancy/brancy/assets/images/shop/cart3.webp]
[template.hasthemes.com/brancy/brancy/shop-checkout.html]
[template.hasthemes.com/brancy/brancy/product-cart.html]
[template.hasthemes.com/brancy/brancy/account.html]
[template.hasthemes.com/brancy/brancy/product-checkout.html]
[template.hasthemes.com/brancy/brancy/product-wishlist.html]
[template.hasthemes.com/brancy/brancy/product-compare.html]
[template.hasthemes.com/brancy/brancy/assets/images/photos/page-header-text1.webp]
[template.hasthemes.com/brancy/brancy/assets/images/blog/4.webp]
[template.hasthemes.com/brancy/brancy/assets/images/blog/col6-1.webp]
[template.hasthemes.com/brancy/brancy/assets/images/blog/col6-2.webp]
[template.hasthemes.com/brancy/brancy/assets/images/blog/5.webp]
[template.hasthemes.com/brancy/brancy/assets/images/blog/6.webp]
[template.hasthemes.com/brancy/brancy/assets/images/blog/7.webp]
[template.hasthemes.com/brancy/brancy/assets/images/shop/banner/8.webp]
[template.hasthemes.com/brancy/brancy/blog.html]
[template.hasthemes.com/brancy/brancy/assets/images/blog/s1.webp]
[template.hasthemes.com/brancy/brancy/assets/images/blog/s2.webp]
[template.hasthemes.com/brancy/brancy/assets/images/blog/s3.webp]
[template.hasthemes.com/brancy/brancy/blog-left-sidebar.html]
[template.hasthemes.com/brancy/brancy/blog-right-sidebar.html]
[template.hasthemes.com/brancy/brancy/assets/images/blog/blog-detail1.webp]
[template.hasthemes.com/brancy/brancy/assets/images/blog/admin.webp]
[template.hasthemes.com/brancy/brancy/assets/images/blog/blog-detail2.webp]
[template.hasthemes.com/brancy/brancy/assets/images/icons/quote1.webp]
[template.hasthemes.com/brancy/brancy/assets/images/blog/blog-detail3.webp]
[template.hasthemes.com/brancy/brancy/assets/images/shop/banner/9.webp]
[template.hasthemes.com/brancy/brancy/assets/images/blog/next-previous1.webp]
[template.hasthemes.com/brancy/brancy/assets/images/blog/next-previous2.webp]
[template.hasthemes.com/brancy/brancy/assets/images/blog/form1.webp]
[template.hasthemes.com/brancy/brancy/blog-details.html]
[template.hasthemes.com/brancy/brancy/account-login.html]
[template.hasthemes.com/brancy/brancy/assets/images/photos/faq-home.webp]
[template.hasthemes.com/brancy/brancy/assets/images/photos/faq.webp]
[template.hasthemes.com/brancy/brancy/faq.html]
[template.hasthemes.com/brancy/brancy/assets/images/photos/page-not-found.webp]
[template.hasthemes.com/brancy/brancy/page-not-found.html]
[template.hasthemes.com/brancy/brancy/assets/images/icons/1.webp]
[template.hasthemes.com/brancy/brancy/assets/images/icons/2.webp]
[template.hasthemes.com/brancy/brancy/assets/images/icons/3.webp]
[template.hasthemes.com/brancy/brancy/contact.html]
[template.hasthemes.com/brancy/brancy/shop-cart.html]
[template.hasthemes.com/brancy/brancy/my-account.html]
[template.hasthemes.com/brancy/brancy/assets/fonts/fontawesome-webfont3e6e.svg]
[template.hasthemes.com/brancy/brancy/assets/css/plugins/range-slider.css]
[template.hasthemes.com/brancy/brancy/single-product.html]
[template.hasthemes.com/brancy/brancy/shop-checkout.html]
[template.hasthemes.com/brancy/brancy/account.html]
[template.hasthemes.com/brancy/brancy/shop-cart.html]
